{
  "integrationCurrency": {
    "type": "EVM",
    "chainId": "1",
    "tokenAddress": "0x6b175474e89094c44da98b954eedeac495271d0f"
  }
}
