[{"type":"sourcecred/weights","version":"0.2.0"},{"edgeWeights":{"E\u0000sourcecred\u0000discourse\u0000authors\u0000post\u0000":{"backwards":1,"forwards":0},"E\u0000sourcecred\u0000discourse\u0000authors\u0000topic\u0000":{"backwards":1,"forwards":0},"E\u0000sourcecred\u0000discourse\u0000createsLike\u0000":{"backwards":0,"forwards":1},"E\u0000sourcecred\u0000discourse\u0000likes\u0000":{"backwards":0,"forwards":1},"E\u0000sourcecred\u0000discourse\u0000references\u0000post\u0000":{"backwards":0,"forwards":0.5},"E\u0000sourcecred\u0000discourse\u0000references\u0000topic\u0000":{"backwards":0,"forwards":0.5},"E\u0000sourcecred\u0000discourse\u0000references\u0000user\u0000":{"backwards":0,"forwards":0.25},"E\u0000sourcecred\u0000discourse\u0000replyTo\u0000":{"backwards":0,"forwards":0.5},"E\u0000sourcecred\u0000discourse\u0000topicContainsPost\u0000":{"backwards":0.125,"forwards":0},"E\u0000sourcecred\u0000github\u0000AUTHORS\u0000":{"backwards":1,"forwards":0.5},"E\u0000sourcecred\u0000github\u0000CORRESPONDS_TO_COMMIT_TYPE\u0000":{"backwards":1,"forwards":1},"E\u0000sourcecred\u0000github\u0000HAS_PARENT\u0000":{"backwards":0.25,"forwards":1},"E\u0000sourcecred\u0000github\u0000MERGED_AS\u0000":{"backwards":1,"forwards":0.5},"E\u0000sourcecred\u0000github\u0000REACTS\u0000HEART\u0000":{"backwards":0,"forwards":2},"E\u0000sourcecred\u0000github\u0000REACTS\u0000HOORAY\u0000":{"backwards":0,"forwards":4},"E\u0000sourcecred\u0000github\u0000REACTS\u0000ROCKET\u0000":{"backwards":0,"forwards":1},"E\u0000sourcecred\u0000github\u0000REACTS\u0000THUMBS_UP\u0000":{"backwards":0,"forwards":1},"E\u0000sourcecred\u0000github\u0000REFERENCES\u0000":{"backwards":0,"forwards":1}},"nodeWeights":{"N\u0000sourcecred\u0000discourse\u0000like\u0000":4,"N\u0000sourcecred\u0000discourse\u0000post\u0000":32,"N\u0000sourcecred\u0000discourse\u0000topic\u0000":0,"N\u0000sourcecred\u0000discourse\u0000user\u0000":0,"N\u0000sourcecred\u0000github\u0000COMMENT\u0000":1,"N\u0000sourcecred\u0000github\u0000COMMIT\u0000":1,"N\u0000sourcecred\u0000github\u0000ISSUE\u0000":2,"N\u0000sourcecred\u0000github\u0000PULL\u0000":4,"N\u0000sourcecred\u0000github\u0000REPO\u0000":4,"N\u0000sourcecred\u0000github\u0000REVIEW\u0000":1,"N\u0000sourcecred\u0000github\u0000USERLIKE\u0000BOT\u0000":32,"N\u0000sourcecred\u0000github\u0000USERLIKE\u0000USER\u0000":0}}]