// Jest Snapshot v1, https://goo.gl/fbAQLP

exports[`core/ledger/ledger state reconstruction serialized ledger snapshots as expected 1`] = `
"{\\"action\\":{\\"identity\\":{\\"address\\":\\"N\\\\u0000sourcecred\\\\u0000core\\\\u0000IDENTITY\\\\u0000YVZhbGlkVXVpZEF0TGFzdA\\\\u0000\\",\\"aliases\\":[],\\"id\\":\\"YVZhbGlkVXVpZEF0TGFzdA\\",\\"name\\":\\"steven\\",\\"subtype\\":\\"USER\\"},\\"type\\":\\"CREATE_IDENTITY\\"},\\"ledgerTimestamp\\":0,\\"uuid\\":\\"000000000000000000000A\\",\\"version\\":\\"1\\"}
{\\"action\\":{\\"identity\\":{\\"address\\":\\"N\\\\u0000sourcecred\\\\u0000core\\\\u0000IDENTITY\\\\u0000URgLrCxgvjHxtGJ9PgmckQ\\\\u0000\\",\\"aliases\\":[],\\"id\\":\\"URgLrCxgvjHxtGJ9PgmckQ\\",\\"name\\":\\"crystal-gems\\",\\"subtype\\":\\"ORGANIZATION\\"},\\"type\\":\\"CREATE_IDENTITY\\"},\\"ledgerTimestamp\\":1,\\"uuid\\":\\"000000000000000000001A\\",\\"version\\":\\"1\\"}
{\\"action\\":{\\"alias\\":{\\"address\\":\\"N\\\\u0000alias\\\\u0000\\",\\"description\\":\\"alias\\"},\\"identityId\\":\\"YVZhbGlkVXVpZEF0TGFzdA\\",\\"type\\":\\"ADD_ALIAS\\"},\\"ledgerTimestamp\\":3,\\"uuid\\":\\"000000000000000000002A\\",\\"version\\":\\"1\\"}
{\\"action\\":{\\"identityId\\":\\"YVZhbGlkVXVpZEF0TGFzdA\\",\\"type\\":\\"TOGGLE_ACTIVATION\\"},\\"ledgerTimestamp\\":4,\\"uuid\\":\\"000000000000000000003A\\",\\"version\\":\\"1\\"}
{\\"action\\":{\\"identityId\\":\\"URgLrCxgvjHxtGJ9PgmckQ\\",\\"type\\":\\"TOGGLE_ACTIVATION\\"},\\"ledgerTimestamp\\":4,\\"uuid\\":\\"000000000000000000004A\\",\\"version\\":\\"1\\"}
{\\"action\\":{\\"distribution\\":{\\"allocations\\":[{\\"id\\":\\"yYNur0NEEkh7fMaUn6n9QQ\\",\\"policy\\":{\\"budget\\":\\"100\\",\\"numIntervalsLookback\\":1,\\"policyType\\":\\"IMMEDIATE\\"},\\"receipts\\":[{\\"amount\\":\\"50\\",\\"id\\":\\"YVZhbGlkVXVpZEF0TGFzdA\\"},{\\"amount\\":\\"50\\",\\"id\\":\\"URgLrCxgvjHxtGJ9PgmckQ\\"}]}],\\"credTimestamp\\":1,\\"id\\":\\"f9xPz9YGH0PuBpPAg2824Q\\"},\\"type\\":\\"DISTRIBUTE_GRAIN\\"},\\"ledgerTimestamp\\":4,\\"uuid\\":\\"000000000000000000005A\\",\\"version\\":\\"1\\"}
{\\"action\\":{\\"amount\\":\\"10\\",\\"from\\":\\"YVZhbGlkVXVpZEF0TGFzdA\\",\\"memo\\":null,\\"to\\":\\"URgLrCxgvjHxtGJ9PgmckQ\\",\\"type\\":\\"TRANSFER_GRAIN\\"},\\"ledgerTimestamp\\":5,\\"uuid\\":\\"000000000000000000006A\\",\\"version\\":\\"1\\"}
{\\"action\\":{\\"base\\":\\"YVZhbGlkVXVpZEF0TGFzdA\\",\\"target\\":\\"URgLrCxgvjHxtGJ9PgmckQ\\",\\"type\\":\\"MERGE_IDENTITIES\\"},\\"ledgerTimestamp\\":6,\\"uuid\\":\\"000000000000000000007A\\",\\"version\\":\\"1\\"}
{\\"action\\":{\\"identityId\\":\\"YVZhbGlkVXVpZEF0TGFzdA\\",\\"newType\\":\\"PROJECT\\",\\"type\\":\\"CHANGE_IDENTITY_TYPE\\"},\\"ledgerTimestamp\\":7,\\"uuid\\":\\"000000000000000000008A\\",\\"version\\":\\"1\\"}
"
`;
