[
    {
        "type": "sourcecred/ethAddress",
        "version": "0.0.1"
    },
    [
        "0x2Ccc7cD913677553766873483ed9eEDdB77A0Bb0",
        "0xb4124cEB3451635DAcedd11767f004d8a28c6eE7",
        "0x8401Eb5ff34cc943f096A32EF3d5113FEbE8D4Eb"
    ]
]
