{"bundledPlugins": ["sourcecred/discourse", "sourcecred/github", "sourcecred/ethereum"]}
