// Jest Snapshot v1, https://goo.gl/fbAQLP

exports[`plugins/git/createGraph createGraph processes a simple repository 1`] = `
Array [
  Object {
    "type": "sourcecred/graph",
    "version": "0.8.0",
  },
  Object {
    "edges": Array [
      Object {
        "address": Array [
          "sourcecred",
          "git",
          "HAS_PARENT",
          "2",
          "COMMIT",
          "3715ddfb8d4c4fd2a6f6af75488c82f84c92ec2f",
          "2",
          "COMMIT",
          "69c5aad50eec8f2a0a07c988c3b283a6490eb45b",
        ],
        "dstIndex": 1,
        "srcIndex": 0,
        "timestampMs": 981173106000,
      },
      Object {
        "address": Array [
          "sourcecred",
          "git",
          "HAS_PARENT",
          "2",
          "COMMIT",
          "69c5aad50eec8f2a0a07c988c3b283a6490eb45b",
          "2",
          "COMMIT",
          "e8b7a8f19701cd5a25e4a097d513ead60e5f8bcc",
        ],
        "dstIndex": 7,
        "srcIndex": 1,
        "timestampMs": 981173106000,
      },
      Object {
        "address": Array [
          "sourcecred",
          "git",
          "HAS_PARENT",
          "2",
          "COMMIT",
          "8d287c3bfbf8455ef30187bf5153ffc1b6eef268",
          "2",
          "COMMIT",
          "c08ee3a4edea384d5291ffcbf06724a13ed72325",
        ],
        "dstIndex": 3,
        "srcIndex": 2,
        "timestampMs": 981173106000,
      },
      Object {
        "address": Array [
          "sourcecred",
          "git",
          "HAS_PARENT",
          "2",
          "COMMIT",
          "c08ee3a4edea384d5291ffcbf06724a13ed72325",
          "2",
          "COMMIT",
          "c2b51945e7457546912a8ce158ed9d294558d294",
        ],
        "dstIndex": 4,
        "srcIndex": 3,
        "timestampMs": 981173106000,
      },
      Object {
        "address": Array [
          "sourcecred",
          "git",
          "HAS_PARENT",
          "2",
          "COMMIT",
          "c90f6424017f787bbbaf22e4082a01355546f7e3",
          "2",
          "COMMIT",
          "3715ddfb8d4c4fd2a6f6af75488c82f84c92ec2f",
        ],
        "dstIndex": 0,
        "srcIndex": 5,
        "timestampMs": 981173106000,
      },
      Object {
        "address": Array [
          "sourcecred",
          "git",
          "HAS_PARENT",
          "2",
          "COMMIT",
          "d160cca97611e9dfed642522ad44408d0292e8ea",
          "2",
          "COMMIT",
          "8d287c3bfbf8455ef30187bf5153ffc1b6eef268",
        ],
        "dstIndex": 2,
        "srcIndex": 6,
        "timestampMs": 981173106000,
      },
      Object {
        "address": Array [
          "sourcecred",
          "git",
          "HAS_PARENT",
          "2",
          "COMMIT",
          "e8b7a8f19701cd5a25e4a097d513ead60e5f8bcc",
          "2",
          "COMMIT",
          "d160cca97611e9dfed642522ad44408d0292e8ea",
        ],
        "dstIndex": 6,
        "srcIndex": 7,
        "timestampMs": 981173106000,
      },
    ],
    "nodes": Array [
      Object {
        "description": "3715ddfb8d4c4fd2a6f6af75488c82f84c92ec2f",
        "index": 0,
        "timestampMs": 981173106000,
      },
      Object {
        "description": "69c5aad50eec8f2a0a07c988c3b283a6490eb45b",
        "index": 1,
        "timestampMs": 981173106000,
      },
      Object {
        "description": "8d287c3bfbf8455ef30187bf5153ffc1b6eef268",
        "index": 2,
        "timestampMs": 981173106000,
      },
      Object {
        "description": "c08ee3a4edea384d5291ffcbf06724a13ed72325",
        "index": 3,
        "timestampMs": 981173106000,
      },
      Object {
        "description": "c2b51945e7457546912a8ce158ed9d294558d294",
        "index": 4,
        "timestampMs": 981173106000,
      },
      Object {
        "description": "c90f6424017f787bbbaf22e4082a01355546f7e3",
        "index": 5,
        "timestampMs": 981173106000,
      },
      Object {
        "description": "d160cca97611e9dfed642522ad44408d0292e8ea",
        "index": 6,
        "timestampMs": 981173106000,
      },
      Object {
        "description": "e8b7a8f19701cd5a25e4a097d513ead60e5f8bcc",
        "index": 7,
        "timestampMs": 981173106000,
      },
    ],
    "sortedNodeAddresses": Array [
      Array [
        "sourcecred",
        "git",
        "COMMIT",
        "3715ddfb8d4c4fd2a6f6af75488c82f84c92ec2f",
      ],
      Array [
        "sourcecred",
        "git",
        "COMMIT",
        "69c5aad50eec8f2a0a07c988c3b283a6490eb45b",
      ],
      Array [
        "sourcecred",
        "git",
        "COMMIT",
        "8d287c3bfbf8455ef30187bf5153ffc1b6eef268",
      ],
      Array [
        "sourcecred",
        "git",
        "COMMIT",
        "c08ee3a4edea384d5291ffcbf06724a13ed72325",
      ],
      Array [
        "sourcecred",
        "git",
        "COMMIT",
        "c2b51945e7457546912a8ce158ed9d294558d294",
      ],
      Array [
        "sourcecred",
        "git",
        "COMMIT",
        "c90f6424017f787bbbaf22e4082a01355546f7e3",
      ],
      Array [
        "sourcecred",
        "git",
        "COMMIT",
        "d160cca97611e9dfed642522ad44408d0292e8ea",
      ],
      Array [
        "sourcecred",
        "git",
        "COMMIT",
        "e8b7a8f19701cd5a25e4a097d513ead60e5f8bcc",
      ],
    ],
  },
]
`;
