// Jest Snapshot v1, https://goo.gl/fbAQLP

exports[`plugins/git/loadRepository processes an old commit 1`] = `
Object {
  "commits": Set {
    "c08ee3a4edea384d5291ffcbf06724a13ed72325",
    "c2b51945e7457546912a8ce158ed9d294558d294",
  },
}
`;
