// Jest Snapshot v1, https://goo.gl/fbAQLP

exports[`plugins/git/example/exampleRepo createExampleRepo is deterministic 1`] = `
Array [
  "c2b51945e7457546912a8ce158ed9d294558d294",
  "c08ee3a4edea384d5291ffcbf06724a13ed72325",
  "17eacd3f5e8e1e21eb88f3f37a74cdd8db19f9e4",
  "674f9211d5058037a0a4f899648b3a53ac267733",
  "c68e9837f02a303ae98f376457b52e8ec17daefc",
  "f95257474a66c097dcd580374048e0b7423634f7",
  "ab5f98da9bda6f1168e76d5057dc09dec08aa7f3",
  "be289e85543ee1feb91e30f2416d09bb1914db21",
]
`;

exports[`plugins/git/example/exampleRepo createExampleSubmoduleRepo is deterministic 1`] = `
Array [
  "762c062fbdc7ec198cd693e95d55b374a08ff3e3",
  "29ef158bc982733e2ba429fcf73e2f7562244188",
]
`;
