// Jest Snapshot v1, https://goo.gl/fbAQLP

exports[`plugins/initiatives/initiativesDirectory _readFiles should read provided initiativeFiles, sorted by name 1`] = `
Map {
  "initiative-A.json" => Object {
    "champions": Array [
      "http://foo.bar/A/champ",
    ],
    "completed": true,
    "contributions": Object {
      "urls": Array [
        "http://foo.bar/A/contrib",
      ],
    },
    "dependencies": Object {
      "urls": Array [
        "http://foo.bar/A/dep",
      ],
    },
    "references": Object {
      "urls": Array [
        "http://foo.bar/A/ref",
      ],
    },
    "timestampIso": "2020-01-08T22:01:57.711Z",
    "title": "Initiative A",
    "weight": Object {
      "complete": 100,
      "incomplete": 0,
    },
  },
  "initiative-B.json" => Object {
    "champions": Array [
      "http://foo.bar/B/champ",
    ],
    "completed": false,
    "contributions": Object {
      "urls": Array [
        "http://foo.bar/B/contrib",
      ],
    },
    "dependencies": Object {
      "urls": Array [
        "http://foo.bar/B/dep",
      ],
    },
    "references": Object {
      "urls": Array [
        "http://foo.bar/B/ref",
      ],
    },
    "timestampIso": "2020-01-08T22:01:57.722Z",
    "title": "Initiative B",
    "weight": Object {
      "complete": 69,
      "incomplete": 42,
    },
  },
  "initiative-C.json" => Object {
    "champions": Array [
      "http://foo.bar/C/champ",
    ],
    "completed": false,
    "contributions": Object {
      "entries": Array [
        Object {
          "contributors": Array [
            "https://foo.bar/C/contrib-user",
          ],
          "timestampIso": "2020-01-01T22:01:57.700Z",
          "title": "Add test contrib",
          "weight": 10,
        },
      ],
    },
    "dependencies": Object {
      "entries": Array [
        Object {
          "contributors": Array [
            "https://foo.bar/C/dep-user",
          ],
          "timestampIso": "2020-01-02T22:01:57.700Z",
          "title": "Add test dependency",
        },
      ],
    },
    "references": Object {
      "entries": Array [
        Object {
          "contributors": Array [
            "https://foo.bar/C/ref-user",
          ],
          "timestampIso": "2020-01-03T22:01:57.700Z",
          "title": "Add test reference",
        },
      ],
    },
    "timestampIso": "2020-01-08T22:01:57.733Z",
    "title": "Initiative C",
    "weight": Object {
      "complete": 321,
      "incomplete": 123,
    },
  },
}
`;

exports[`plugins/initiatives/initiativesDirectory loadDirectory should handle an example smoke test 1`] = `
"[
  [
    \\"http://example.com/initiatives/initiative-A.json\\",
    \\"N\\\\u0000sourcecred\\\\u0000initiatives\\\\u0000initiative\\\\u0000INITIATIVE_FILE\\\\u0000http://example.com/initiatives\\\\u0000initiative-A.json\\\\u0000\\"
  ],
  [
    \\"http://example.com/initiatives/initiative-B.json\\",
    \\"N\\\\u0000sourcecred\\\\u0000initiatives\\\\u0000initiative\\\\u0000INITIATIVE_FILE\\\\u0000http://example.com/initiatives\\\\u0000initiative-B.json\\\\u0000\\"
  ],
  [
    \\"http://example.com/initiatives/initiative-C.json\\",
    \\"N\\\\u0000sourcecred\\\\u0000initiatives\\\\u0000initiative\\\\u0000INITIATIVE_FILE\\\\u0000http://example.com/initiatives\\\\u0000initiative-C.json\\\\u0000\\"
  ]
]"
`;

exports[`plugins/initiatives/initiativesDirectory loadDirectory should handle an example smoke test 2`] = `
"[
  {
    \\"champions\\": [
      \\"http://foo.bar/A/champ\\"
    ],
    \\"completed\\": true,
    \\"contributions\\": {
      \\"entries\\": [
      ],
      \\"urls\\": [
        \\"http://foo.bar/A/contrib\\"
      ]
    },
    \\"dependencies\\": {
      \\"entries\\": [
      ],
      \\"urls\\": [
        \\"http://foo.bar/A/dep\\"
      ]
    },
    \\"id\\": [
      \\"INITIATIVE_FILE\\",
      \\"http://example.com/initiatives\\",
      \\"initiative-A.json\\"
    ],
    \\"references\\": {
      \\"entries\\": [
      ],
      \\"urls\\": [
        \\"http://foo.bar/A/ref\\"
      ]
    },
    \\"timestampMs\\": 1578520917711,
    \\"title\\": \\"Initiative A\\",
    \\"weight\\": {
      \\"complete\\": 100,
      \\"incomplete\\": 0
    }
  },
  {
    \\"champions\\": [
      \\"http://foo.bar/B/champ\\"
    ],
    \\"completed\\": false,
    \\"contributions\\": {
      \\"entries\\": [
      ],
      \\"urls\\": [
        \\"http://foo.bar/B/contrib\\"
      ]
    },
    \\"dependencies\\": {
      \\"entries\\": [
      ],
      \\"urls\\": [
        \\"http://foo.bar/B/dep\\"
      ]
    },
    \\"id\\": [
      \\"INITIATIVE_FILE\\",
      \\"http://example.com/initiatives\\",
      \\"initiative-B.json\\"
    ],
    \\"references\\": {
      \\"entries\\": [
      ],
      \\"urls\\": [
        \\"http://foo.bar/B/ref\\"
      ]
    },
    \\"timestampMs\\": 1578520917722,
    \\"title\\": \\"Initiative B\\",
    \\"weight\\": {
      \\"complete\\": 69,
      \\"incomplete\\": 42
    }
  },
  {
    \\"champions\\": [
      \\"http://foo.bar/C/champ\\"
    ],
    \\"completed\\": false,
    \\"contributions\\": {
      \\"entries\\": [
        {
          \\"contributors\\": [
            \\"https://foo.bar/C/contrib-user\\"
          ],
          \\"key\\": \\"add-test-contrib\\",
          \\"timestampMs\\": 1577916117700,
          \\"title\\": \\"Add test contrib\\",
          \\"weight\\": 10
        }
      ],
      \\"urls\\": [
      ]
    },
    \\"dependencies\\": {
      \\"entries\\": [
        {
          \\"contributors\\": [
            \\"https://foo.bar/C/dep-user\\"
          ],
          \\"key\\": \\"add-test-dependency\\",
          \\"timestampMs\\": 1578002517700,
          \\"title\\": \\"Add test dependency\\",
          \\"weight\\": null
        }
      ],
      \\"urls\\": [
      ]
    },
    \\"id\\": [
      \\"INITIATIVE_FILE\\",
      \\"http://example.com/initiatives\\",
      \\"initiative-C.json\\"
    ],
    \\"references\\": {
      \\"entries\\": [
        {
          \\"contributors\\": [
            \\"https://foo.bar/C/ref-user\\"
          ],
          \\"key\\": \\"add-test-reference\\",
          \\"timestampMs\\": 1578088917700,
          \\"title\\": \\"Add test reference\\",
          \\"weight\\": null
        }
      ],
      \\"urls\\": [
      ]
    },
    \\"timestampMs\\": 1578520917733,
    \\"title\\": \\"Initiative C\\",
    \\"weight\\": {
      \\"complete\\": 321,
      \\"incomplete\\": 123
    }
  }
]"
`;
